// Jest Snapshot v1, https://goo.gl/fbAQLP

exports[`FocusInput matches snapshot 1`] = `
<div
  class="App"
>
  <form
    data-testid="contact-form"
  >
    <div>
      <label
        for="firstName"
      >
        First Name*
      </label>
      <input
        data-testid="fname"
        name="firstName"
        placeholder="bill"
      />
    </div>
    <div>
      <label
        for="lastName"
      >
        Last Name*
      </label>
      <input
        data-testid="lname"
        name="lastName"
        placeholder="luo"
      />
    </div>
    <div>
      <label
        for="email"
        placeholder="bluebill1049@hotmail.com"
      >
        Email*
      </label>
      <input
        data-testid="email"
        name="email"
      />
    </div>
    <div>
      <label
        for="message"
      >
        Message
      </label>
      <textarea
        data-testid="message"
        name="message"
      />
    </div>
    <input
      data-testid="submit-btn"
      type="submit"
    />
  </form>
</div>
`;
